charInt32Double =  ( (return (Test.charInt32Double)) >>=
     (\ res ->  ( ( (\ ( a,  b,  c) ->  (return ((,,) a b (CDouble c)))) res) >>=
     (\ res ->  (newTuple3 res)))))