constantString =  ( (return (Test.constantString)) >>=
     (\ res ->  (newCWString res)))