haskellList =  ( (return (Test.haskellList)) >>=
     (\ res ->  ( (return (map (fromIntegral) res)) >>=
     (\ res ->  (newArray res)))))