multisin a b =  (CDouble (Test.multisin (fromIntegral a) (realToFrac b)))