pureOperationMixed a b =  (CDouble (Test.pureOperationMixed (fromIntegral a) (realToFrac b)))