pureOperationInt a =  (fromIntegral (Test.pureOperationInt (fromIntegral a)))