pureOperationStrings a =  ( ( (peekCWString a) >>=
     (\ a ->  (return (Test.pureOperationStrings a)))) >>=
     (\ res ->  (newCWString res)))