pureOperationFloat a b =  (CFloat (Test.pureOperationFloat (realToFrac a) (realToFrac b)))