constantTriple :: (Int, Double, Float)
constantTriple = (63, 0.63, 0.63)

