doubleInt32Char :: (Double, CInt, CChar)
doubleInt32Char = (0.63, 63,castCharToCChar 'a')

