hello :: IO ()
hello = putStrLn "Hello from Haskell!"

