int32CharChar :: (CInt,CChar,CChar)
int32CharChar = (63,1,1)

