listMixed :: [Integer] -> [Double]
listMixed = map ((*0.25) . fromIntegral)

