listOfTuples :: String -> CInt-> [(String, CInt)]
listOfTuples a b = [(a,b)]

