instance NoiseClass (NoiseRecord a b) where
    noise _ = "MoreNoise"

