pureOperationFloat :: Float -> Float -> Float
pureOperationFloat a b = a ** b

