pureOperationMixed :: Int -> Double -> Double
pureOperationMixed x y = (fromIntegral x) * (sin y)

