pureOperationInt :: Int -> Int
pureOperationInt i = i * i

