someComplicatedFunc :: [a] -> IO a
someComplicatedFunc = undefined

