strings :: String -> String
strings = filter (/= 'a')

