tuple :: (CInt, String) -> (CInt, String)
tuple = id

