tupleWithListOfTuples :: (String, String) -> ([(String, String)],[Int])
tupleWithListOfTuples t = (take 63 $ repeat t, [63])

