constantTuple =  ( (return (Test.constantTuple)) >>=
     (\ res ->  ( ( (\ ( a,  b) ->  (liftM2 ((,)) (return (CDouble a)) (newCWString b))) res) >>=
     (\ res ->  (newTuple2 res)))))