inputSideEffects a =  ( (peekCWString a) >>=
     (\ a ->  (Test.inputSideEffects a)))