strings a =  ( ( (peekCWString a) >>=
     (\ a ->  (return (Test.strings a)))) >>=
     (\ res ->  (newCWString res)))